// Jest Snapshot v1, https://goo.gl/fbAQLP

exports[`Label.vue renders STD Label 1`] = `<label class="std-label">Label</label>`;

exports[`Label.vue should renders STD Label with custom color 1`] = `<label class="std-label" style="color: red;">Label</label>`;
