// Jest Snapshot v1, https://goo.gl/fbAQLP

exports[`Icon.vue renders STD Icon 1`] = `<i class="std-icon bi-trash"></i>`;
