// Jest Snapshot v1, https://goo.gl/fbAQLP

exports[`BuzzPostInput.vue renders OXD BuzzPostInput 1`] = `
<div class="std-buzz-post std-buzz-post--active"><textarea rows="1" class="std-buzz-post-input"></textarea>
  <div class="std-buzz-post-slot"></div>
</div>
<!--v-if-->
`;
