// Jest Snapshot v1, https://goo.gl/fbAQLP

exports[`TabContainer.vue renders STD Tab Container 1`] = `
<div class="std-tab">
  <div class="std-tab-bar"><a class="std-tab-segment std-tab-segment--active" href="#tab1">tab1</a><a class="std-tab-segment" href="#tab2">tab2</a><a class="std-tab-segment" href="#tab3">tab3</a></div>
  <transition-stub>
    <div id="tab1" class="std-tab-panel">
      <div>Tab 1</div>
    </div>
  </transition-stub>
</div>
`;
