// Jest Snapshot v1, https://goo.gl/fbAQLP

exports[`Input.vue renders STD Input 1`] = `<input class="std-input std-input--active" label="Input">`;

exports[`Input.vue should renders STD Input with custom color 1`] = `<input class="std-input std-input--active" style="background-color: aliceblue;" label="Input">`;

exports[`Input.vue should renders STD Input with error 1`] = `<input class="std-input std-input--active std-input--error" label="Input">`;
