// Jest Snapshot v1, https://goo.gl/fbAQLP

exports[`CardTable > TableHeader.vue renders STD CardTable > TableHeader 1`] = `<div class="std-table-header" role="rowgroup"></div>`;
